\BOOKMARK [1][-]{section.1}{\376\377\000O\000r\000i\000g\000i\000n\000e\000\040\000e\000t\000\040\000n\000a\000t\000u\000r\000e\000\040\000d\000u\000\040\000p\000r\000o\000j\000e\000t}{}% 1
\BOOKMARK [2][-]{subsection.1.1}{\376\377\000O\000r\000i\000g\000i\000n}{section.1}% 2
\BOOKMARK [2][-]{subsection.1.2}{\376\377\000I\000n\000f\000o\000r\000m\000a\000t\000i\000o\000n\000\040\000d\000u\000\040\000j\000e\000u}{section.1}% 3
\BOOKMARK [3][-]{subsubsection.1.2.1}{\376\377\000D\000\351\000b\000u\000t\000\040\000e\000t\000\040\000h\000i\000s\000t\000o\000i\000r\000e\000\040\000d\000u\000\040\000p\000e\000r\000s\000o\000n\000n\000a\000g\000e\000\040\000p\000r\000i\000n\000c\000i\000p\000a\000l}{subsection.1.2}% 4
\BOOKMARK [3][-]{subsubsection.1.2.2}{\376\377\000O\000b\000j\000e\000c\000t\000i\000f\000s\000\040\000d\000u\000\040\000j\000o\000u\000e\000u\000r}{subsection.1.2}% 5
\BOOKMARK [3][-]{subsubsection.1.2.3}{\376\377\000F\000o\000n\000c\000t\000i\000o\000n\000n\000a\000l\000i\000t\000\351\000s\000\040\000d\000u\000\040\000j\000e\000u}{subsection.1.2}% 6
\BOOKMARK [2][-]{subsection.1.3}{\376\377\000O\000u\000t\000i\000l\000s}{section.1}% 7
\BOOKMARK [3][-]{subsubsection.1.3.1}{\376\377\000O\000u\000t\000i\000l\000s\000\040\000d\000e\000\040\000g\000e\000s\000t\000i\000o\000n\000\040\000d\040\031\000\351\000q\000u\000i\000p\000e}{subsection.1.3}% 8
\BOOKMARK [3][-]{subsubsection.1.3.2}{\376\377\000O\000u\000t\000i\000l\000s\000\040\000d\000e\000\040\000d\000\351\000v\000e\000l\000o\000p\000p\000e\000m\000e\000n\000t\000\040\000d\000u\000\040\000j\000e\000u}{subsection.1.3}% 9
\BOOKMARK [2][-]{subsection.1.4}{\376\377\000B\000u\000d\000g\000e\000t}{section.1}% 10
\BOOKMARK [3][-]{subsubsection.1.4.1}{\376\377\000T\000a\000b\000l\000e\000a\000u}{subsection.1.4}% 11
\BOOKMARK [3][-]{subsubsection.1.4.2}{\376\377\000D\000\351\000t\000a\000i\000l\000s}{subsection.1.4}% 12
\BOOKMARK [1][-]{section.2}{\376\377\000O\000b\000j\000e\000t\000\040\000d\040\031\000\351\000t\000u\000d\000e}{}% 13
\BOOKMARK [2][-]{subsection.2.1}{\376\377\000I\000n\000t\000\351\000r\000\352\000t\000s\000\040\000e\000t\000\040\000o\000b\000j\000e\000c\000t\000i\000f\000s}{section.2}% 14
\BOOKMARK [2][-]{subsection.2.2}{\376\377\000B\000\351\000n\000\351\000f\000i\000c\000e\000s\000\040\000c\000o\000m\000m\000u\000n}{section.2}% 15
\BOOKMARK [2][-]{subsection.2.3}{\376\377\000B\000\351\000n\000\351\000f\000i\000c\000e\000s\000\040\000i\000n\000d\000i\000v\000i\000d\000u\000e\000l\000s}{section.2}% 16
\BOOKMARK [1][-]{section.3}{\376\377\000E\000t\000a\000t\000\040\000d\000e\000\040\000l\000'\000a\000r\000t}{}% 17
\BOOKMARK [2][-]{subsection.3.1}{\376\377\000S\000i\000d\000\040\000M\000e\000i\000e\000r\040\031\000s\000\040\000P\000i\000r\000a\000t\000e\000s}{section.3}% 18
\BOOKMARK [3][-]{subsubsection.3.1.1}{\376\377\000P\000o\000i\000n\000t\000\040\000f\000o\000r\000t\000s}{subsection.3.1}% 19
\BOOKMARK [3][-]{subsubsection.3.1.2}{\376\377\000F\000o\000n\000c\000t\000i\000o\000n\000n\000a\000l\000i\000t\000\351\000s}{subsection.3.1}% 20
\BOOKMARK [2][-]{subsection.3.2}{\376\377\000P\000i\000r\000a\000t\000e\000s\000\040\000o\000f\000\040\000t\000h\000e\000\040\000B\000u\000r\000n\000i\000n\000g\000\040\000S\000e\000a}{section.3}% 21
\BOOKMARK [3][-]{subsubsection.3.2.1}{\376\377\000P\000o\000i\000n\000t\000s\000\040\000f\000o\000r\000t\000s}{subsection.3.2}% 22
\BOOKMARK [3][-]{subsubsection.3.2.2}{\376\377\000F\000o\000n\000c\000t\000i\000o\000n\000n\000a\000l\000i\000t\000\351\000s}{subsection.3.2}% 23
\BOOKMARK [2][-]{subsection.3.3}{\376\377\000S\000e\000a\000\040\000o\000f\000\040\000T\000h\000i\000e\000v\000e\000s}{section.3}% 24
\BOOKMARK [3][-]{subsubsection.3.3.1}{\376\377\000P\000o\000i\000n\000t\000s\000\040\000f\000o\000r\000t\000s}{subsection.3.3}% 25
\BOOKMARK [3][-]{subsubsection.3.3.2}{\376\377\000F\000o\000n\000c\000t\000i\000o\000n\000n\000a\000l\000i\000t\000\351\000s}{subsection.3.3}% 26
\BOOKMARK [1][-]{section.4}{\376\377\000E\000n\000t\000r\000e\000p\000r\000i\000s\000e}{}% 27
\BOOKMARK [2][-]{subsection.4.1}{\376\377\000D\000r\000e\000a\000m\000\040\000C\000h\000a\000s\000e\000r\000s}{section.4}% 28
\BOOKMARK [2][-]{subsection.4.2}{\376\377\000S\000p\000\351\000c\000i\000f\000i\000c\000i\000t\000\351\000s}{section.4}% 29
\BOOKMARK [2][-]{subsection.4.3}{\376\377\000D\000o\000m\000a\000i\000n\000e\000\040\000d\040\031\000a\000c\000t\000i\000v\000i\000t\000\351\000s}{section.4}% 30
\BOOKMARK [2][-]{subsection.4.4}{\376\377\000A\000\040\000p\000r\000o\000p\000o\000s\000\040\000d\000u\000\040\000j\000e\000u\000\040\000e\000t\000\040\000d\000e\000\040\000l\040\031\000e\000n\000t\000r\000e\000p\000r\000i\000s\000e}{section.4}% 31
\BOOKMARK [1][-]{section.5}{\376\377\000E\000q\000u\000i\000p\000e}{}% 32
\BOOKMARK [2][-]{subsection.5.1}{\376\377\000J\000\351\000r\000\364\000m\000e}{section.5}% 33
\BOOKMARK [2][-]{subsection.5.2}{\376\377\000A\000c\000h\000r\000e\000f}{section.5}% 34
\BOOKMARK [2][-]{subsection.5.3}{\376\377\000E\000t\000h\000a\000n}{section.5}% 35
\BOOKMARK [2][-]{subsection.5.4}{\376\377\000J\000o\000s\000e\000p\000h}{section.5}% 36
\BOOKMARK [2][-]{subsection.5.5}{\376\377\000M\000a\000t\000t\000e\000o}{section.5}% 37
\BOOKMARK [1][-]{section.6}{\376\377\000D\000i\000s\000t\000r\000i\000b\000u\000t\000i\000o\000n\000\040\000d\000e\000s\000\040\000t\000a\000c\000h\000e\000s}{}% 38
\BOOKMARK [1][-]{section.7}{\376\377\000A\000v\000a\000n\000c\000e\000m\000e\000n\000t\000\040\000e\000t\000\040\000p\000l\000a\000n\000i\000f\000i\000c\000a\000t\000i\000o\000n\000\040}{}% 39
